// Jest Snapshot v1, https://goo.gl/fbAQLP

exports[`load About 1`] = `
<DocumentFragment>
  <div>
    <h1
      data-testid="about"
    >
      About
    </h1>
  </div>
</DocumentFragment>
`;
