// Jest Snapshot v1, https://goo.gl/fbAQLP

exports[`Home component  render without crash 1`] = `
<DocumentFragment>
  <div>
    <div
      class="row"
    >
      <div
        class="col s6"
      >
        <form
          class="push-in"
        >
          <div
            class="input-field"
          >
            <label
              for="title"
            >
              Title
            </label>
            <input
              name="title"
              type="text"
              value=""
            />
            <span
              class="helper-text"
            />
          </div>
          <div
            class="input-field"
          >
            <label
              for="body"
            >
              Body
            </label>
            <input
              name="body"
              type="text"
              value=""
            />
            <span
              class="helper-text"
            />
          </div>
          <button
            class="waves-effect waves-light btn"
            type="submit"
          >
            Add
          </button>
        </form>
      </div>
      <div
        class="col s3 push-in"
      >
        <p>
          Limit number of posts
        </p>
        <input
          name="limit"
          type="number"
          value="5"
        />
        <button
          class="waves-effect waves-light btn"
        >
          Set
        </button>
      </div>
    </div>
    <div
      class="row"
    >
      <div
        class="col s6"
      >
        <div
          class="card"
        >
          <div
            class="card-content"
          >
            <div
              class="card-title"
            >
              09090909
            </div>
            <p
              class="timestamp"
            >
              2019-08-02T06:43:34.050Z
            </p>
            <p
              class="card-body"
            >
              1234567890
            </p>
          </div>
          <div
            class="card-action"
          >
            <a>
              Edit
            </a>
            <a
              class="delete-btn"
            >
              Delete
            </a>
          </div>
        </div>
      </div>
      <div
        class="col s6"
      >
        <div
          class="card"
        >
          <div
            class="card-content"
          >
            <div
              class="card-title"
            >
              make this go away
            </div>
            <p
              class="timestamp"
            >
              2019-08-01T23:40:39.885Z
            </p>
            <p
              class="card-body"
            >
              the placeholder remaining is annoying
            </p>
          </div>
          <div
            class="card-action"
          >
            <a>
              Edit
            </a>
            <a
              class="delete-btn"
            >
              Delete
            </a>
          </div>
        </div>
      </div>
      <div
        class="col s6"
      >
        <div
          class="card"
        >
          <div
            class="card-content"
          >
            <div
              class="card-title"
            >
              test with materialize
            </div>
            <p
              class="timestamp"
            >
              2019-08-01T03:28:40.867Z
            </p>
            <p
              class="card-body"
            >
               what happens
            </p>
          </div>
          <div
            class="card-action"
          >
            <a>
              Edit
            </a>
            <a
              class="delete-btn"
            >
              Delete
            </a>
          </div>
        </div>
      </div>
      <div
        class="col s6"
      >
        <div
          class="card"
        >
          <div
            class="card-content"
          >
            <div
              class="card-title"
            >
              alanb
            </div>
            <p
              class="timestamp"
            >
              2019-08-01T03:05:49.730Z
            </p>
            <p
              class="card-body"
            >
              buckley
            </p>
          </div>
          <div
            class="card-action"
          >
            <a>
              Edit
            </a>
            <a
              class="delete-btn"
            >
              Delete
            </a>
          </div>
        </div>
      </div>
      <div
        class="col s6"
      >
        <div
          class="card"
        >
          <div
            class="card-content"
          >
            <div
              class="card-title"
            >
              sis
            </div>
            <p
              class="timestamp"
            >
              2019-07-31T18ÃŽ:01:17.926Z
            </p>
            <p
              class="card-body"
            >
              sas
            </p>
          </div>
          <div
            class="card-action"
          >
            <a>
              Edit
            </a>
            <a
              class="delete-btn"
            >
              Delete
            </a>
          </div>
        </div>
      </div>
      <div
        class="col s6"
      >
        <div
          class="card"
        >
          <div
            class="card-content"
          >
            <div
              class="card-title"
            >
              New post from Vue
            </div>
            <p
              class="timestamp"
            >
              2019-07-31T18:00:05.635Z
            </p>
            <p
              class="card-body"
            >
              Vue is cool
            </p>
          </div>
          <div
            class="card-action"
          >
            <a>
              Edit
            </a>
            <a
              class="delete-btn"
            >
              Delete
            </a>
          </div>
        </div>
      </div>
      <div
        class="col s6"
      >
        <div
          class="card"
        >
          <div
            class="card-content"
          >
            <div
              class="card-title"
            >
              new post from the app
            </div>
            <p
              class="timestamp"
            >
              2019-07-31T14:41:23.889Z
            </p>
            <p
              class="card-body"
            >
              Hello new post!
            </p>
          </div>
          <div
            class="card-action"
          >
            <a>
              Edit
            </a>
            <a
              class="delete-btn"
            >
              Delete
            </a>
          </div>
        </div>
      </div>
      <div
        class="col s6"
      >
        <div
          class="card"
        >
          <div
            class="card-content"
          >
            <div
              class="card-title"
            >
              Darkness
            </div>
            <p
              class="timestamp"
            >
              2019-07-30T21:51:28.835Z
            </p>
            <p
              class="card-body"
            >
              May you always find solace from the light, and peace inside your mind
            </p>
          </div>
          <div
            class="card-action"
          >
            <a>
              Edit
            </a>
            <a
              class="delete-btn"
            >
              Delete
            </a>
          </div>
        </div>
      </div>
    </div>
  </div>
</DocumentFragment>
`;
